Microchip MPLAB XC8 Compiler V2.36

Linker command line:

-W-3 --edf=C:\Program Files\Microchip\xc8\v2.36\pic\dat\en_msgs.txt -cn \
  -h+dist/default/production\practica08.X.production.sym \
  --cmf=dist/default/production\practica08.X.production.cmf -z -Q18F45K50 \
  -oC:\Users\estef\AppData\Local\Temp\xcAshe0.4 --defsym=__MPLAB_BUILD=1 \
  -Mdist/default/production/practica08.X.production.map \
  --md=C:\Users\estef\AppData\Local\Temp\xcAshe0.dat -E1 -ver=XC8 Compiler \
  --acfsm=1493 -ACODE=00h-07FFFh -ACONST=00h-07FFFh \
  -ASMALLCONST=0800h-08FFhx120 -AMEDIUMCONST=0800h-07FFFh -ACOMRAM=01h-05Fh \
  -AABS1=00h-07FFh -ABIGRAM=01h-07FFh -ARAM=060h-0FFh,0100h-01FFhx7 \
  -ABANK0=060h-0FFh -ABANK1=0100h-01FFh -ABANK2=0200h-02FFh \
  -ABANK3=0300h-03FFh -ABANK4=0400h-04FFh -ABANK5=0500h-05FFh \
  -ABANK6=0600h-06FFh -ABANK7=0700h-07FFh -ASFR=0F53h-0F5Fh,0F60h-0FFFh \
  -ABIGSFR=0F53h-0FFFh -ACONFIG=0300000h-030000Dh -AIDLOC=0200000h-0200007h \
  -AEEDATA=0F00000h-0F000FFh -peeprom_data=EEDATA \
  -preset_vec=00h,intcode,intcodelo,powerup,init -pramtop=0800h \
  -psmallconst=SMALLCONST -pmediumconst=MEDIUMCONST -pconst=CONST \
  -AFARRAM=00h-00h \
  -prdata=COMRAM,nvrram=COMRAM,nvbit=COMRAM,rbss=COMRAM,rbit=COMRAM \
  -pfarbss=FARRAM,fardata=FARRAM,nvFARRAM=FARRAM \
  -pintsave_regs=BIGRAM,bigbss=BIGRAM,bigdata=BIGRAM -pbss=RAM \
  -pidata=CODE,irdata=CODE,ibigdata=CODE,ifardata=CODE -prparam=COMRAM \
  C:\Users\estef\AppData\Local\Temp\xcAshe0.o \
  dist/default/production\practica08.X.production.o 

Object code version is 3.11

Machine type is 18F45K50



                Name                               Link     Load   Length Selector   Space Scale
C:\Users\estef\AppData\Local\Temp\xcAshe0.o
                idloc                            200000   200000        8        0       5
                config                           300000   300000        E        0       4
                init                                  0        0        4        0       0
dist/default/production\practica08.X.production.o
                idloc                            200000   200000        8        0       5
                config                           300000   300000        E        0       4
                smallconst                          800      800       16      400       0
                text10                              B86      B86       14      40B       0
                text9                               9EA      9EA       52      40B       0
                text8                               A3C      A3C       50      40B       0
                text7                               816      816       C4      40B       0
                text6                               B3E      B3E       26      40B       0
                text5                               B64      B64       22      40B       0
                text4                               8DA      8DA       BC      40B       0
                text3                               ACC      ACC       3C      40B       0
                text2                               A8C      A8C       40      40B       0
                text1                               B08      B08       36      40B       0
                text0                               996      996       54      40B       0
                cstackCOMRAM                          1        1       14        1       1
                bssCOMRAM                            15       15        3        1       1
                cinit                               B9A      B9A       10      40B       0

TOTAL           Name                               Link     Load   Length     Space
        CLASS   CODE           
                init                                  0        0        4         0
                text10                              B86      B86       14         0
                text9                               9EA      9EA       52         0
                text8                               A3C      A3C       50         0
                text7                               816      816       C4         0
                text6                               B3E      B3E       26         0
                text5                               B64      B64       22         0
                text4                               8DA      8DA       BC         0
                text3                               ACC      ACC       3C         0
                text2                               A8C      A8C       40         0
                text1                               B08      B08       36         0
                text0                               996      996       54         0
                cinit                               B9A      B9A       10         0

        CLASS   CONST          

        CLASS   SMALLCONST     
                smallconst                          800      800       16         0

        CLASS   MEDIUMCONST    

        CLASS   COMRAM         
                cstackCOMRAM                          1        1       14         1
                bssCOMRAM                            15       15        3         1

        CLASS   ABS1           

        CLASS   BIGRAM         

        CLASS   RAM            

        CLASS   BANK0          

        CLASS   BANK1          

        CLASS   BANK2          

        CLASS   BANK3          

        CLASS   BANK4          

        CLASS   BANK5          

        CLASS   BANK6          

        CLASS   BANK7          

        CLASS   SFR            

        CLASS   BIGSFR         

        CLASS   CONFIG         
                config                           300000   300000        E         4

        CLASS   IDLOC          
                idloc                            200000   200000        8         5

        CLASS   EEDATA         

        CLASS   FARRAM         

        CLASS   HEAP           

        CLASS   STACK          



SEGMENTS        Name                           Load    Length   Top    Selector   Space  Class

                reset_vec                      000000  000004  000004         0       0  CODE    
                cstackCOMRAM                   000001  000017  000018         1       1  COMRAM  
                smallconst                     000800  000016  000816       400       0  SMALLCON
                text7                          000816  000394  000BAA       40B       0  CODE    


UNUSED ADDRESS RANGES

        Name                Unused          Largest block    Delta
        BANK0            000060-0000FF               A0
        BANK1            000100-0001FF              100
        BANK2            000200-0002FF              100
        BANK3            000300-0003FF              100
        BANK4            000400-0004FF              100
        BANK5            000500-0005FF              100
        BANK6            000600-0006FF              100
        BANK7            000700-0007FF              100
        BIGRAM           000018-0007FF              7E8
        BIGSFR           000F53-000FFF               AD
        CODE             000004-0007FF              7FC
                         000BAA-007FFF             7456
        COMRAM           000018-00005F               48
        CONST            000004-0007FF              7FC
                         000BAA-007FFF             7456
        EEDATA           F00000-F000FF              100
        MEDIUMCONST      000BAA-007FFF             7456
        RAM              000060-0007FF              100
        SFR              000F53-000FFF                D
        SMALLCONST       000BAA-007FFF              100

                                  Symbol Table

?___awdiv                 cstackCOMRAM 000007
?___wmul                  cstackCOMRAM 000001
LCD_cmd@cx                cstackCOMRAM 000001
_LATC                     (abs)        000F8B
_LATCbits                 (abs)        000F8B
_LATD                     (abs)        000F8C
_LCD_cmd                  text10       000B86
_LCD_dir                  bssCOMRAM    000017
_LCD_init                 text9        0009EA
_OSCCON                   (abs)        000FD3
_PIR1bits                 (abs)        000F9E
_T0CON                    (abs)        000FD5
_T1CON                    (abs)        000FCD
_T1GCONbits               (abs)        000FCC
_TMR0L                    (abs)        000FD6
_TMR1H                    (abs)        000FCF
_TMR1L                    (abs)        000FCE
_TRISAbits                (abs)        000F92
_TRISCbits                (abs)        000F94
_TRISD                    (abs)        000F95
__HRAM                    (abs)        000000
__Habs1                   abs1         000000
__Hbank0                  bank0        000000
__Hbank1                  bank1        000000
__Hbank2                  bank2        000000
__Hbank3                  bank3        000000
__Hbank4                  bank4        000000
__Hbank5                  bank5        000000
__Hbank6                  bank6        000000
__Hbank7                  bank7        000000
__Hbigbss                 bigbss       000000
__Hbigdata                bigdata      000000
__Hbigram                 bigram       000000
__Hbigsfr                 bigsfr       000000
__Hbss                    bss          000000
__HbssCOMRAM              bssCOMRAM    000000
__Hcinit                  cinit        000000
__Hclrtext                clrtext      000000
__Hcomram                 comram       000000
__Hconfig                 config       30000E
__Hconst                  const        000000
__HcstackCOMRAM           cstackCOMRAM 000000
__Hdata                   data         000000
__Heeprom_data            eeprom_data  000000
__Hfarbss                 farbss       000000
__Hfardata                fardata      000000
__Hheap                   heap         000000
__Hibigdata               ibigdata     000000
__Hidata                  idata        000000
__Hidloc                  idloc        200008
__Hifardata               ifardata     000000
__Hinit                   init         000004
__Hintcode                intcode      000000
__Hintcode_body           intcode_body 000000
__Hintcodelo              intcodelo    000000
__Hintentry               intentry     000000
__Hintret                 intret       000000
__Hintsave_regs           intsave_regs 000000
__Hirdata                 irdata       000000
__Hmediumconst            mediumconst  000000
__HnvFARRAM               nvFARRAM     000000
__Hnvbit                  nvbit        000000
__Hnvrram                 nvrram       000000
__Hparam                  rparam       000000
__Hpowerup                powerup      000000
__Hram                    ram          000000
__Hramtop                 ramtop       000800
__Hrbit                   rbit         000000
__Hrbss                   rbss         000000
__Hrdata                  rdata        000000
__Hreset_vec              reset_vec    000000
__Hrparam                 rparam       000000
__Hsfr                    sfr          000000
__Hsmallconst             smallconst   000816
__Hspace_0                (abs)        000BAA
__Hspace_1                (abs)        000018
__Hspace_2                (abs)        000000
__Hspace_4                (abs)        60000E
__Hstack                  stack        000000
__Hstruct                 struct       000000
__Htemp                   temp         000000
__Htext                   text         000000
__Htext0                  text0        000000
__Htext1                  text1        000000
__Htext10                 text10       000000
__Htext2                  text2        000000
__Htext3                  text3        000000
__Htext4                  text4        000000
__Htext5                  text5        000000
__Htext6                  text6        000000
__Htext7                  text7        000000
__Htext8                  text8        000000
__Htext9                  text9        000000
__LRAM                    (abs)        000001
__Labs1                   abs1         000000
__Lbank0                  bank0        000000
__Lbank1                  bank1        000000
__Lbank2                  bank2        000000
__Lbank3                  bank3        000000
__Lbank4                  bank4        000000
__Lbank5                  bank5        000000
__Lbank6                  bank6        000000
__Lbank7                  bank7        000000
__Lbigbss                 bigbss       000000
__Lbigdata                bigdata      000000
__Lbigram                 bigram       000000
__Lbigsfr                 bigsfr       000000
__Lbss                    bss          000000
__LbssCOMRAM              bssCOMRAM    000000
__Lcinit                  cinit        000000
__Lclrtext                clrtext      000000
__Lcomram                 comram       000000
__Lconfig                 config       000000
__Lconst                  const        000000
__LcstackCOMRAM           cstackCOMRAM 000000
__Ldata                   data         000000
__Leeprom_data            eeprom_data  000000
__Lfarbss                 farbss       000000
__Lfardata                fardata      000000
__Lheap                   heap         000000
__Libigdata               ibigdata     000000
__Lidata                  idata        000000
__Lidloc                  idloc        000000
__Lifardata               ifardata     000000
__Linit                   init         000000
__Lintcode                intcode      000000
__Lintcode_body           intcode_body 000000
__Lintcodelo              intcodelo    000000
__Lintentry               intentry     000000
__Lintret                 intret       000000
__Lintsave_regs           intsave_regs 000000
__Lirdata                 irdata       000000
__Lmediumconst            mediumconst  000000
__LnvFARRAM               nvFARRAM     000000
__Lnvbit                  nvbit        000000
__Lnvrram                 nvrram       000000
__Lparam                  rparam       000000
__Lpowerup                powerup      000000
__Lram                    ram          000000
__Lramtop                 ramtop       000800
__Lrbit                   rbit         000000
__Lrbss                   rbss         000000
__Lrdata                  rdata        000000
__Lreset_vec              reset_vec    000000
__Lrparam                 rparam       000000
__Lsfr                    sfr          000000
__Lsmallconst             smallconst   000800
__Lspace_0                (abs)        000000
__Lspace_1                (abs)        000000
__Lspace_2                (abs)        000000
__Lspace_4                (abs)        000000
__Lstack                  stack        000000
__Lstruct                 struct       000000
__Ltemp                   temp         000000
__Ltext                   text         000000
__Ltext0                  text0        000000
__Ltext1                  text1        000000
__Ltext10                 text10       000000
__Ltext2                  text2        000000
__Ltext3                  text3        000000
__Ltext4                  text4        000000
__Ltext5                  text5        000000
__Ltext6                  text6        000000
__Ltext7                  text7        000000
__Ltext8                  text8        000000
__Ltext9                  text9        000000
__S0                      (abs)        000BAA
__S1                      (abs)        000018
__S4                      (abs)        000000
__S5                      (abs)        000000
___awdiv                  text7        000816
___awdiv@counter          cstackCOMRAM 00000B
___awdiv@dividend         cstackCOMRAM 000007
___awdiv@divisor          cstackCOMRAM 000009
___awdiv@quotient         cstackCOMRAM 00000D
___awdiv@sign             cstackCOMRAM 00000C
___heap_hi                (abs)        000000
___heap_lo                (abs)        000000
___inthi_sp               stack        000000
___intlo_sp               stack        000000
___param_bank             (abs)        000000
___rparam_used            (abs)        000001
___sp                     stack        000000
___wmul                   text6        000B3E
___wmul@multiplicand      cstackCOMRAM 000003
___wmul@multiplier        cstackCOMRAM 000001
___wmul@product           cstackCOMRAM 000005
__accesstop               (abs)        000060
__activetblptr            (abs)        000002
__end_of_LCD_cmd          text10       000B9A
__end_of_LCD_init         text9        000A3C
__end_of___awdiv          text7        0008DA
__end_of___wmul           text6        000B64
__end_of__initialization  cinit        000BA0
__end_of_cursor_position  text8        000A8C
__end_of_desplegar        text4        000996
__end_of_main             text0        0009EA
__end_of_medir_frec       text3        000B08
__end_of_send_to_LCD      text5        000B86
__end_of_write_direction  text2        000ACC
__end_of_write_string_LCD text1        000B3E
__initialization          cinit        000B9A
__mediumconst             mediumconst  000000
__pbssCOMRAM              bssCOMRAM    000015
__pcinit                  cinit        000B9A
__pcstackCOMRAM           cstackCOMRAM 000001
__psmallconst             smallconst   000800
__ptext0                  text0        000996
__ptext1                  text1        000B08
__ptext10                 text10       000B86
__ptext2                  text2        000A8C
__ptext3                  text3        000ACC
__ptext4                  text4        0008DA
__ptext5                  text5        000B64
__ptext6                  text6        000B3E
__ptext7                  text7        000816
__ptext8                  text8        000A3C
__ptext9                  text9        0009EA
__ramtop                  ramtop       000800
__smallconst              smallconst   000800
_cuentas                  bssCOMRAM    000015
_cursor_position          text8        000A3C
_desplegar                text4        0008DA
_main                     text0        000996
_medir_frec               text3        000ACC
_send_to_LCD              text5        000B64
_write_direction          text2        000A8C
_write_string_LCD         text1        000B08
cursor_position@col       cstackCOMRAM 000002
cursor_position@fila      cstackCOMRAM 000005
cursor_position@position  cstackCOMRAM 000006
desplegar@HundrethDigit   cstackCOMRAM 000014
desplegar@TenthDigit      cstackCOMRAM 000013
desplegar@UnitDigit       cstackCOMRAM 000012
desplegar@numb            cstackCOMRAM 00000F
end_of_initialization     cinit        000BA0
intlevel0                 text         000000
intlevel1                 text         000000
intlevel2                 text         000000
intlevel3                 text         000000
isa$std                   (abs)        000001
isa$xinst                 (abs)        000000
send_to_LCD@xy            cstackCOMRAM 000002
stackhi                   (abs)        000000
stacklo                   (abs)        000000
start                     init         000000
start_initialization      cinit        000B9A
write_direction@direction cstackCOMRAM 000002
write_string_LCD@s        cstackCOMRAM 000003


MODULE INFORMATION

Module		Function		Class		Link	Load	Size
C:\Program Files\Microchip\xc8\v2.36\pic\sources\c99\common\awdiv.c
		___awdiv       		CODE           	0816	0000	196

C:\Program Files\Microchip\xc8\v2.36\pic\sources\c99\common\awdiv.c estimated size: 196

shared
		__initialization		CODE           	0B9A	0000	6

shared estimated size: 6

main.c
		_medir_frec    		CODE           	0ACC	0000	60
		_main          		CODE           	0996	0000	84

main.c estimated size: 144

C:\Program Files\Microchip\xc8\v2.36\pic\sources\c99\common\Umul16.c
		___wmul        		CODE           	0B3E	0000	38

C:\Program Files\Microchip\xc8\v2.36\pic\sources\c99\common\Umul16.c estimated size: 38

LCD.c
		_desplegar     		CODE           	08DA	0000	188
		_write_string_LCD		CODE           	0B08	0000	54
		_send_to_LCD   		CODE           	0B64	0000	34
		_LCD_init      		CODE           	09EA	0000	82
		_cursor_position		CODE           	0A3C	0000	80
		_write_direction		CODE           	0A8C	0000	64
		_LCD_cmd       		CODE           	0B86	0000	20

LCD.c estimated size: 522

